---
source: src/tests/e2e_dry_run/should_fail/parse/check.rs
expression: output
---
"Error: [E0305] Could not parse file: Unexpected token `?` on <CARGO_MANIFEST_DIR>/src/tests/sample_code/should_fail/single_file/parse/check/question_checkee.k:5:17."
