---
source: src/tests/skin_e2e_dry_run/should_succeed/pack_yscl.rs
expression: output
---
"Compiled successfully.\nSkipped writing output files, but would have tried writing them to <CARGO_MANIFEST_DIR>/src/tests/sample_code/should_succeed/multi_file/no_warnings/plus_commutative/target.\n"
