---
source: src/tests/skin_e2e_dry_run/should_fail/type_check.rs
expression: output
---
"Error: [E2009] Undefined labeled parameters [`alpha`, `hue`] at <CARGO_MANIFEST_DIR>/src/tests/sample_code/should_fail/single_file/type_check/labeled_match_case_params/undefined_param.k:14:4"
