---
source: src/tests/skin_e2e_dry_run/should_fail/type_check.rs
expression: output
---
"Error: [E2016] Cannot infer the type of a `match` expression with no cases at <CARGO_MANIFEST_DIR>/src/tests/sample_code/should_fail/single_file/type_check/cannot_infer_type_of_empty_match.k:13:10."
