---
source: src/tests/skin_e2e_dry_run/should_fail/type_check.rs
expression: output
---
"Error: [E2010] At <CARGO_MANIFEST_DIR>/src/tests/sample_code/should_fail/single_file/type_check/type_mismatch/adt.k:10:4, expect type\n    U1<5>\nbut found\n    U2.u2<2>\nwhich had a type of\n    U2<3>"
