---
source: src/tests/skin_e2e_dry_run/should_fail/type_check.rs
expression: output
---
"Error: [E2002] Expected 1 argument but received 2 at <CARGO_MANIFEST_DIR>/src/tests/sample_code/should_fail/single_file/type_check/wrong_number_of_arguments/fun.k:5:10."
