---
source: src/tests/skin_e2e_dry_run/should_fail/type_check.rs
expression: output
---
"Error: [E2008] Missing labeled parameters [`r`, `g`] at <CARGO_MANIFEST_DIR>/src/tests/sample_code/should_fail/single_file/type_check/labeled_match_case_params/missing_param.k:14:4"
