---
source: src/tests/skin_e2e_dry_run/should_fail/type_check.rs
expression: output
---
"Error: [E2004] Missing labeled argument `right` at <CARGO_MANIFEST_DIR>/src/tests/sample_code/should_fail/single_file/type_check/labeled_call_args/missing_arg.k:16:12"
